[    1257ms] [ERROR] Failed to load resource: the server responded with a status of 404 () @ https://grainy-gradients.vercel.app/noise.svg:0
[    1435ms] [WARNING] <meta name="apple-mobile-web-app-capable" content="yes"> is deprecated. Please include <meta name="mobile-web-app-capable" content="yes"> @ http://localhost:8765/:0
[   21300ms] [WARNING] <meta name="apple-mobile-web-app-capable" content="yes"> is deprecated. Please include <meta name="mobile-web-app-capable" content="yes"> @ http://localhost:8765/:0
[   22359ms] [ERROR] Failed to load resource: the server responded with a status of 404 (File not found) @ http://localhost:8765/favicon.ico:0
[  177244ms] [ERROR] Failed to load resource: the server responded with a status of 404 (File not found) @ http://localhost:8765/path/to/img2.jpg:0
[ 2039037ms] [ERROR] Failed to load resource: the server responded with a status of 404 () @ https://grainy-gradients.vercel.app/noise.svg:0
[ 2039937ms] [WARNING] <meta name="apple-mobile-web-app-capable" content="yes"> is deprecated. Please include <meta name="mobile-web-app-capable" content="yes"> @ http://localhost:8765/:0
[ 2124340ms] [ERROR] Failed to load resource: the server responded with a status of 404 () @ https://grainy-gradients.vercel.app/noise.svg:0
[ 2126199ms] [WARNING] <meta name="apple-mobile-web-app-capable" content="yes"> is deprecated. Please include <meta name="mobile-web-app-capable" content="yes"> @ http://localhost:8765/?v=1779276583462:0
[ 2275808ms] [ERROR] Failed to load resource: the server responded with a status of 404 () @ https://grainy-gradients.vercel.app/noise.svg:0
[ 2276010ms] [WARNING] <meta name="apple-mobile-web-app-capable" content="yes"> is deprecated. Please include <meta name="mobile-web-app-capable" content="yes"> @ http://localhost:8765/:0
[ 2277782ms] [ERROR] Failed to load resource: the server responded with a status of 404 () @ https://grainy-gradients.vercel.app/noise.svg:0
[ 2281134ms] [WARNING] <meta name="apple-mobile-web-app-capable" content="yes"> is deprecated. Please include <meta name="mobile-web-app-capable" content="yes"> @ http://localhost:8765/:0
[ 2436161ms] [ERROR] Failed to load resource: the server responded with a status of 404 () @ https://grainy-gradients.vercel.app/noise.svg:0
[ 2436245ms] [WARNING] <meta name="apple-mobile-web-app-capable" content="yes"> is deprecated. Please include <meta name="mobile-web-app-capable" content="yes"> @ http://localhost:8765/:0
[ 2437177ms] [ERROR] Failed to load resource: the server responded with a status of 404 () @ https://grainy-gradients.vercel.app/noise.svg:0
[ 2437568ms] [WARNING] <meta name="apple-mobile-web-app-capable" content="yes"> is deprecated. Please include <meta name="mobile-web-app-capable" content="yes"> @ http://localhost:8765/:0
[ 2837700ms] [ERROR] Failed to load resource: the server responded with a status of 404 () @ https://grainy-gradients.vercel.app/noise.svg:0
[ 2837887ms] [WARNING] <meta name="apple-mobile-web-app-capable" content="yes"> is deprecated. Please include <meta name="mobile-web-app-capable" content="yes"> @ http://localhost:8765/:0
[ 2838806ms] [ERROR] Failed to load resource: the server responded with a status of 404 () @ https://grainy-gradients.vercel.app/noise.svg:0
[ 2838977ms] [WARNING] <meta name="apple-mobile-web-app-capable" content="yes"> is deprecated. Please include <meta name="mobile-web-app-capable" content="yes"> @ http://localhost:8765/:0
[ 2990041ms] [ERROR] Failed to load resource: the server responded with a status of 404 () @ https://grainy-gradients.vercel.app/noise.svg:0
[ 2990072ms] [WARNING] <meta name="apple-mobile-web-app-capable" content="yes"> is deprecated. Please include <meta name="mobile-web-app-capable" content="yes"> @ http://localhost:8765/:0
[ 2990366ms] [ERROR] Failed to load resource: the server responded with a status of 404 () @ https://grainy-gradients.vercel.app/noise.svg:0
[ 2990730ms] [WARNING] <meta name="apple-mobile-web-app-capable" content="yes"> is deprecated. Please include <meta name="mobile-web-app-capable" content="yes"> @ http://localhost:8765/:0
[ 3027361ms] [ERROR] Failed to load resource: the server responded with a status of 404 () @ https://grainy-gradients.vercel.app/noise.svg:0
[ 3027492ms] [WARNING] <meta name="apple-mobile-web-app-capable" content="yes"> is deprecated. Please include <meta name="mobile-web-app-capable" content="yes"> @ http://localhost:8765/?bust=1779277487735:0
[ 4457094ms] [ERROR] Failed to load resource: the server responded with a status of 404 () @ https://grainy-gradients.vercel.app/noise.svg:0
[ 4457182ms] [WARNING] <meta name="apple-mobile-web-app-capable" content="yes"> is deprecated. Please include <meta name="mobile-web-app-capable" content="yes"> @ http://localhost:8765/?v=1779278917444:0
[ 4977348ms] [WARNING] <meta name="apple-mobile-web-app-capable" content="yes"> is deprecated. Please include <meta name="mobile-web-app-capable" content="yes"> @ http://localhost:8765/?v=1779279437799:0
[ 7641173ms] [WARNING] <meta name="apple-mobile-web-app-capable" content="yes"> is deprecated. Please include <meta name="mobile-web-app-capable" content="yes"> @ http://localhost:8765/?v=1779282101708:0
[ 8015495ms] [WARNING] <meta name="apple-mobile-web-app-capable" content="yes"> is deprecated. Please include <meta name="mobile-web-app-capable" content="yes"> @ http://localhost:8765/?v=1779282476056:0
[ 9706668ms] [WARNING] <meta name="apple-mobile-web-app-capable" content="yes"> is deprecated. Please include <meta name="mobile-web-app-capable" content="yes"> @ http://localhost:8765/?v=1779284167180:0
